============================= test session starts =============================
platform win32 -- Python 3.12.3, pytest-9.0.2, pluggy-1.6.0 -- C:\Users\turrisia\genesi\venv\Scripts\python.exe
cachedir: .pytest_cache
rootdir: C:\Users\turrisia\genesi
configfile: pytest.ini
plugins: anyio-3.7.1, asyncio-1.3.0
asyncio: mode=Mode.AUTO, debug=False, asyncio_default_fixture_loop_scope=None, asyncio_default_test_loop_scope=function
collecting ... collected 79 items

test_genesi.py::TestIntentClassification::test_riunione_is_chat_free PASSED
test_genesi.py::TestIntentClassification::test_reminder_no_datetime_is_reminder_create PASSED
test_genesi.py::TestIntentClassification::test_reminder_with_datetime_is_reminder_create PASSED
test_genesi.py::TestIntentClassification::test_weather_no_city_is_weather PASSED
test_genesi.py::TestIntentClassification::test_weather_with_city_is_weather PASSED
test_genesi.py::TestIntentClassification::test_memory_context_override PASSED
test_genesi.py::TestIntentClassification::test_python_http_request_false_positive_weather FAILED
test_genesi.py::TestIntentClassification::test_chat_free_generic PASSED
test_genesi.py::TestIntentClassification::test_chat_free_cosa_importante PASSED
test_genesi.py::TestIntentClassification::test_mi_ricordo_variant PASSED
test_genesi.py::TestReminderGuard::test_no_datetime_rejected PASSED
test_genesi.py::TestReminderGuard::test_domani_alle_accepted PASSED
test_genesi.py::TestReminderGuard::test_domani_only_accepted PASSED
test_genesi.py::TestReminderGuard::test_ora_specifica_accepted PASSED
test_genesi.py::TestReminderGuard::test_giorno_settimana_accepted PASSED
test_genesi.py::TestReminderGuard::test_no_time_rejected PASSED
test_genesi.py::TestReminderGuard::test_oggi_accepted PASSED
test_genesi.py::TestReminderGuard::test_data_mese_accepted PASSED
test_genesi.py::TestReminderEngine::test_create_reminder_increases_count [2026-02-21T17:08:19] MEMORY_STORAGE_ACTIVE base_path=memory
[2026-02-21T17:08:19] REMINDER_ENGINE_ACTIVE storage_dir=data\reminders
ERROR
test_genesi.py::TestReminderEngine::test_reminder_id_is_uuid ERROR
test_genesi.py::TestReminderEngine::test_reminder_datetime_preserved ERROR
test_genesi.py::TestReminderEngine::test_guard_no_datetime_not_saved ERROR
test_genesi.py::TestReminderEngine::test_delete_reminder ERROR
test_genesi.py::TestReminderEngine::test_list_filters_by_user ERROR
test_genesi.py::TestWeatherTool::test_countries_variable_not_unbound SKIPPED
test_genesi.py::TestWeatherTool::test_get_weather_no_unbound_local SKIPPED
test_genesi.py::TestWeatherTool::test_python_not_extracted_as_city PASSED
test_genesi.py::TestWeatherTool::test_fuzzy_match_rejects_programming_keywords SKIPPED
test_genesi.py::TestWeatherTool::test_city_extraction_explicit_city PASSED
test_genesi.py::TestWeatherTool::test_city_extraction_no_city PASSED
test_genesi.py::TestWeatherTool::test_get_weather_mock_milan SKIPPED
test_genesi.py::TestTTSRouting::test_chat_free_conversational_openai PASSED
test_genesi.py::TestTTSRouting::test_reminder_create_openai PASSED
test_genesi.py::TestTTSRouting::test_weather_informational_edge_tts PASSED
test_genesi.py::TestTTSRouting::test_chat_free_informational_edge_tts PASSED
test_genesi.py::TestTTSRouting::test_openai_voice_is_onyx SKIPPED (t...)
test_genesi.py::TestTTSRouting::test_edge_tts_voice_is_diego_neural FAILED
test_genesi.py::TestTTSRouting::test_tts_active_sources_decrement_in_js SKIPPED
test_genesi.py::TestAuth::test_jwt_decode_valid FAILED
test_genesi.py::TestAuth::test_jwt_expired_raises PASSED
test_genesi.py::TestAuth::test_user_id_is_uuid_v4 PASSED
test_genesi.py::TestAuth::test_auth_db_exists FAILED
test_genesi.py::TestCodingMode::test_coding_user_id_not_hardcoded SKIPPED
test_genesi.py::TestCodingMode::test_coding_memory_uses_real_user_id SKIPPED
test_genesi.py::TestCodingMode::test_no_rigid_template_in_coding SKIPPED
test_genesi.py::TestCodingMode::test_web_search_present_in_coding SKIPPED
test_genesi.py::TestCodingMode::test_coding_response_no_template PASSED
test_genesi.py::TestCodingMode::test_llm_intent_score_threshold SKIPPED
test_genesi.py::TestCognitiveBrain::test_profile_has_required_fields PASSED
test_genesi.py::TestCognitiveBrain::test_profession_is_garbled PASSED
test_genesi.py::TestCognitiveBrain::test_profession_should_be_valid_role FAILED
test_genesi.py::TestCognitiveBrain::test_cognitive_profession_from_coding_is_garbled PASSED
test_genesi.py::TestCognitiveBrain::test_profile_interests_are_valid PASSED
test_genesi.py::TestCognitiveBrain::test_coding_user_profile_isolated PASSED
test_genesi.py::TestChatMemory::test_add_increments_count ERROR
test_genesi.py::TestChatMemory::test_count_grows_sequentially ERROR
test_genesi.py::TestChatMemory::test_isolated_between_users ERROR
test_genesi.py::TestChatMemory::test_intent_stored_with_message ERROR
test_genesi.py::TestConversationManagement::test_conv_cleanup_deletes_empty FAILED
test_genesi.py::TestConversationManagement::test_conv_id_is_uuid PASSED
test_genesi.py::TestConversationManagement::test_message_roles_valid PASSED
test_genesi.py::TestConversationManagement::test_conv_title_set_after_first_message PASSED
test_genesi.py::TestIntentClassifierSource::test_classify_function_exists SKIPPED
test_genesi.py::TestIntentClassifierSource::test_gpt4o_mini_used SKIPPED
test_genesi.py::TestIntentClassifierSource::test_memory_context_override_exists SKIPPED
test_genesi.py::TestIntentClassifierSource::test_score_based_classification SKIPPED
test_genesi.py::TestIntentClassifierSource::test_fallback_on_error SKIPPED
test_genesi.py::TestIntentClassifierSource::test_no_hardcoded_weather_override SKIPPED
test_genesi.py::TestProactor::test_routing_decision_logged SKIPPED (...)
test_genesi.py::TestProactor::test_classify_called_before_routing SKIPPED
test_genesi.py::TestProactor::test_behavior_regulator_present SKIPPED
test_genesi.py::TestProactor::test_drift_recentering_present SKIPPED
test_genesi.py::TestProactor::test_emotional_intensity_present SKIPPED
test_genesi.py::TestRegressions::test_weather_override_removed_from_classifier SKIPPED
test_genesi.py::TestRegressions::test_tts_sequential_no_overlap SKIPPED
test_genesi.py::TestRegressions::test_no_rigid_template_prima_poi_infine SKIPPED
test_genesi.py::TestRegressions::test_reminder_count_7_to_8 PASSED
test_genesi.py::TestRegressions::test_memory_context_override_in_log SKIPPED
test_genesi.py::TestRegressions::test_location_not_found_response_correct FAILED

=================================== ERRORS ====================================
__ ERROR at setup of TestReminderEngine.test_create_reminder_increases_count __
test_genesi.py:207: in engine
    return ReminderEngine(storage_dir=str(tmp_path))
           ^^^^^^^^^^^^^^^^^^^^^^^^^^^^^^^^^^^^^^^^^
E   TypeError: ReminderEngine.__init__() got an unexpected keyword argument 'storage_dir'
________ ERROR at setup of TestReminderEngine.test_reminder_id_is_uuid ________
test_genesi.py:207: in engine
    return ReminderEngine(storage_dir=str(tmp_path))
           ^^^^^^^^^^^^^^^^^^^^^^^^^^^^^^^^^^^^^^^^^
E   TypeError: ReminderEngine.__init__() got an unexpected keyword argument 'storage_dir'
____ ERROR at setup of TestReminderEngine.test_reminder_datetime_preserved ____
test_genesi.py:207: in engine
    return ReminderEngine(storage_dir=str(tmp_path))
           ^^^^^^^^^^^^^^^^^^^^^^^^^^^^^^^^^^^^^^^^^
E   TypeError: ReminderEngine.__init__() got an unexpected keyword argument 'storage_dir'
____ ERROR at setup of TestReminderEngine.test_guard_no_datetime_not_saved ____
test_genesi.py:207: in engine
    return ReminderEngine(storage_dir=str(tmp_path))
           ^^^^^^^^^^^^^^^^^^^^^^^^^^^^^^^^^^^^^^^^^
E   TypeError: ReminderEngine.__init__() got an unexpected keyword argument 'storage_dir'
__________ ERROR at setup of TestReminderEngine.test_delete_reminder __________
test_genesi.py:207: in engine
    return ReminderEngine(storage_dir=str(tmp_path))
           ^^^^^^^^^^^^^^^^^^^^^^^^^^^^^^^^^^^^^^^^^
E   TypeError: ReminderEngine.__init__() got an unexpected keyword argument 'storage_dir'
_______ ERROR at setup of TestReminderEngine.test_list_filters_by_user ________
test_genesi.py:207: in engine
    return ReminderEngine(storage_dir=str(tmp_path))
           ^^^^^^^^^^^^^^^^^^^^^^^^^^^^^^^^^^^^^^^^^
E   TypeError: ReminderEngine.__init__() got an unexpected keyword argument 'storage_dir'
_________ ERROR at setup of TestChatMemory.test_add_increments_count __________
test_genesi.py:838: in memory
    return ChatMemory(storage_dir=str(tmp_path))
           ^^^^^^^^^^^^^^^^^^^^^^^^^^^^^^^^^^^^^
E   TypeError: ChatMemory.__init__() got an unexpected keyword argument 'storage_dir'
_______ ERROR at setup of TestChatMemory.test_count_grows_sequentially ________
test_genesi.py:838: in memory
    return ChatMemory(storage_dir=str(tmp_path))
           ^^^^^^^^^^^^^^^^^^^^^^^^^^^^^^^^^^^^^
E   TypeError: ChatMemory.__init__() got an unexpected keyword argument 'storage_dir'
________ ERROR at setup of TestChatMemory.test_isolated_between_users _________
test_genesi.py:838: in memory
    return ChatMemory(storage_dir=str(tmp_path))
           ^^^^^^^^^^^^^^^^^^^^^^^^^^^^^^^^^^^^^
E   TypeError: ChatMemory.__init__() got an unexpected keyword argument 'storage_dir'
______ ERROR at setup of TestChatMemory.test_intent_stored_with_message _______
test_genesi.py:838: in memory
    return ChatMemory(storage_dir=str(tmp_path))
           ^^^^^^^^^^^^^^^^^^^^^^^^^^^^^^^^^^^^^
E   TypeError: ChatMemory.__init__() got an unexpected keyword argument 'storage_dir'
================================== FAILURES ===================================
__ TestIntentClassification.test_python_http_request_false_positive_weather ___
test_genesi.py:124: in test_python_http_request_false_positive_weather
    assert result == "chat_free", (
E   AssertionError: FALSE POSITIVE: query tecnica classificata come weather (got=weather). 'che tempo fa' qui Þ idiomatico, non meteo.
E   assert 'weather' == 'chat_free'
E     
E     - chat_free
E     + weather
_____________ TestTTSRouting.test_edge_tts_voice_is_diego_neural ______________
test_genesi.py:540: in test_edge_tts_voice_is_diego_neural
    pytest.fail("Voice 'it-IT-DiegoNeural' non trovata in nessun file")
E   Failed: Voice 'it-IT-DiegoNeural' non trovata in nessun file
_______________________ TestAuth.test_jwt_decode_valid ________________________
test_genesi.py:589: in test_jwt_decode_valid
    decoded = jwt.decode(token, "test_secret", algorithms=["HS256"])
              ^^^^^^^^^^^^^^^^^^^^^^^^^^^^^^^^^^^^^^^^^^^^^^^^^^^^^^
venv\Lib\site-packages\jwt\api_jwt.py:371: in decode
    decoded = self.decode_complete(
venv\Lib\site-packages\jwt\api_jwt.py:278: in decode_complete
    self._validate_claims(
venv\Lib\site-packages\jwt\api_jwt.py:411: in _validate_claims
    self._validate_exp(payload, now, leeway)
venv\Lib\site-packages\jwt\api_jwt.py:514: in _validate_exp
    raise ExpiredSignatureError("Signature has expired")
E   jwt.exceptions.ExpiredSignatureError: Signature has expired
________________________ TestAuth.test_auth_db_exists _________________________
test_genesi.py:613: in test_auth_db_exists
    assert os.path.exists(db_path), f"Auth DB non trovato: {db_path}"
E   AssertionError: Auth DB non trovato: /opt/genesi/data/auth/genesi_auth.db
E   assert False
E    +  where False = <built-in function _path_exists>('/opt/genesi/data/auth/genesi_auth.db')
E    +    where <built-in function _path_exists> = <module 'ntpath' (frozen)>.exists
E    +      where <module 'ntpath' (frozen)> = os.path
___________ TestCognitiveBrain.test_profession_should_be_valid_role ___________
test_genesi.py:778: in test_profession_should_be_valid_role
    assert is_valid_profession(profession), (
E   AssertionError: BUG: profession non valida: 'contento di sentirlo alfio hai avuto modo di dedicarti a'. Il cognitive extractor deve estrarre ruoli professionali, non testo conversazionale.
E   assert False
E    +  where False = <function TestCognitiveBrain.test_profession_should_be_valid_role.<locals>.is_valid_profession at 0x000001BC09E92840>('contento di sentirlo alfio hai avuto modo di dedicarti a')
_________ TestConversationManagement.test_conv_cleanup_deletes_empty __________
test_genesi.py:912: in test_conv_cleanup_deletes_empty
    assert found, "Logica CONVERSATIONS_CLEAN_EMPTY non trovata"
E   AssertionError: Logica CONVERSATIONS_CLEAN_EMPTY non trovata
E   assert False
__________ TestRegressions.test_location_not_found_response_correct ___________
test_genesi.py:1151: in test_location_not_found_response_correct
    assert found, \
E   AssertionError: Messaggio 'Non riesco a identificare una localitÓ nel messaggio.' non trovato nel codice
E   assert False
============================== warnings summary ===============================
test_genesi.py::TestReminderEngine::test_create_reminder_increases_count
test_genesi.py::TestReminderEngine::test_create_reminder_increases_count
  C:\Users\turrisia\genesi\core\log.py:10: DeprecationWarning: datetime.datetime.utcnow() is deprecated and scheduled for removal in a future version. Use timezone-aware objects to represent datetimes in UTC: datetime.datetime.now(datetime.UTC).
    return datetime.utcnow().strftime("%Y-%m-%dT%H:%M:%S")

test_genesi.py::TestAuth::test_jwt_decode_valid
  C:\Users\turrisia\genesi\test_genesi.py:585: DeprecationWarning: datetime.datetime.utcnow() is deprecated and scheduled for removal in a future version. Use timezone-aware objects to represent datetimes in UTC: datetime.datetime.now(datetime.UTC).
    "exp"  : (datetime.utcnow() + timedelta(hours=1)).timestamp(),

test_genesi.py::TestAuth::test_jwt_decode_valid
  C:\Users\turrisia\genesi\test_genesi.py:586: DeprecationWarning: datetime.datetime.utcnow() is deprecated and scheduled for removal in a future version. Use timezone-aware objects to represent datetimes in UTC: datetime.datetime.now(datetime.UTC).
    "iat"  : datetime.utcnow().timestamp(),

test_genesi.py::TestAuth::test_jwt_decode_valid
test_genesi.py::TestAuth::test_jwt_expired_raises
  C:\Users\turrisia\genesi\venv\Lib\site-packages\jwt\api_jwt.py:153: InsecureKeyLengthWarning: The HMAC key is 11 bytes long, which is below the minimum recommended length of 32 bytes for SHA256. See RFC 7518 Section 3.2.
    return self._jws.encode(

test_genesi.py::TestAuth::test_jwt_decode_valid
test_genesi.py::TestAuth::test_jwt_expired_raises
  C:\Users\turrisia\genesi\venv\Lib\site-packages\jwt\api_jwt.py:371: InsecureKeyLengthWarning: The HMAC key is 11 bytes long, which is below the minimum recommended length of 32 bytes for SHA256. See RFC 7518 Section 3.2.
    decoded = self.decode_complete(

test_genesi.py::TestAuth::test_jwt_expired_raises
  C:\Users\turrisia\genesi\test_genesi.py:598: DeprecationWarning: datetime.datetime.utcnow() is deprecated and scheduled for removal in a future version. Use timezone-aware objects to represent datetimes in UTC: datetime.datetime.now(datetime.UTC).
    "exp": (datetime.utcnow() - timedelta(seconds=10)).timestamp(),

-- Docs: https://docs.pytest.org/en/stable/how-to/capture-warnings.html
=========================== short test summary info ===========================
FAILED test_genesi.py::TestIntentClassification::test_python_http_request_false_positive_weather
FAILED test_genesi.py::TestTTSRouting::test_edge_tts_voice_is_diego_neural - ...
FAILED test_genesi.py::TestAuth::test_jwt_decode_valid - jwt.exceptions.Expir...
FAILED test_genesi.py::TestAuth::test_auth_db_exists - AssertionError: Auth D...
FAILED test_genesi.py::TestCognitiveBrain::test_profession_should_be_valid_role
FAILED test_genesi.py::TestConversationManagement::test_conv_cleanup_deletes_empty
FAILED test_genesi.py::TestRegressions::test_location_not_found_response_correct
ERROR test_genesi.py::TestReminderEngine::test_create_reminder_increases_count
ERROR test_genesi.py::TestReminderEngine::test_reminder_id_is_uuid - TypeErro...
ERROR test_genesi.py::TestReminderEngine::test_reminder_datetime_preserved - ...
ERROR test_genesi.py::TestReminderEngine::test_guard_no_datetime_not_saved - ...
ERROR test_genesi.py::TestReminderEngine::test_delete_reminder - TypeError: R...
ERROR test_genesi.py::TestReminderEngine::test_list_filters_by_user - TypeErr...
ERROR test_genesi.py::TestChatMemory::test_add_increments_count - TypeError: ...
ERROR test_genesi.py::TestChatMemory::test_count_grows_sequentially - TypeErr...
ERROR test_genesi.py::TestChatMemory::test_isolated_between_users - TypeError...
ERROR test_genesi.py::TestChatMemory::test_intent_stored_with_message - TypeE...
======= 7 failed, 36 passed, 26 skipped, 9 warnings, 10 errors in 0.25s =======
